
> snipflow@0.1.0 build
> next build

▲ Next.js 16.2.6 (Turbopack)
- Environments: .env.local

  Creating an optimized production build ...
✓ Compiled successfully in 7.3s
  Running TypeScript ...
  Finished TypeScript in 6.3s ...
  Collecting page data using 1 worker ...
  Generating static pages using 1 worker (0/11) ...
  Generating static pages using 1 worker (2/11) 
  Generating static pages using 1 worker (5/11) 
  Generating static pages using 1 worker (8/11) 
✓ Generating static pages using 1 worker (11/11) in 262ms
  Finalizing page optimization ...

Route (app)
┌ ○ /
├ ○ /_not-found
├ ƒ /api/checkout
├ ƒ /api/process
├ ƒ /api/upload
├ ○ /app
├ ○ /blog
├ ○ /dashboard
└ ○ /login


○  (Static)   prerendered as static content
ƒ  (Dynamic)  server-rendered on demand

